AAA => {X=-26,Y=17,Width=73,Height=42}
Abc => {X=-29,Y=-17,Width=59,Height=34}
DAb => {X=-44,Y=-68,Width=88,Height=51}
